component/navBar.tsx(37,11): error TS17002: Expected corresponding JSX closing tag for 'div'.
